­ƒöì INICIANDO REVISI├ôN DEL PROCESO DE RADICACI├ôN...

[1/4] Paso: Autenticaci├│n...
Ô£à Login exitoso. Conectado como: testdrive@siscom.com

[2/4] Paso: Preparando expediente de prueba robusto...
[3/4] Paso: Ejecutando radicaci├│n en el servidor...
Ô£à Radicaci├│n exitosa en Base de Datos!
­ƒôï Radicado: HS-2026-00016
­ƒôü Carpeta en Drive ID: 1GRF8BbKsDpQXA_uDppG_1YbDi5TpBjQJ

[4/4] Paso: Verificando integridad en la nube (Google Drive API)...
Ô£¿ CONFIRMACI├ôN NUBE: La carpeta existe en Drive.
­ƒöù Link: https://drive.google.com/drive/folders/1GRF8BbKsDpQXA_uDppG_1YbDi5TpBjQJ

[5/4] Paso extra: Test de cuota metadata...
Ô£à TEST METADATA EXITOSO: El Service Account PUEDE crear carpetas en el Root.
­ƒº╣ Limpieza completada.
